[improve today, first pass trivial and tree unchanged] gate=2
    pass 1: trivial/satisfied -> complete streak=1 unchanged_first_pass
[improve today, first pass trivial but edited (tree changed)] gate=2
    pass 1: trivial/satisfied +edit -> active streak=1
    pass 2: trivial/satisfied -> complete streak=2
[improve today, first pass non-trivial (changed), then two trivial] gate=2
    pass 1: non-trivial/unsatisfied +edit -> active streak=0
    pass 2: trivial/unsatisfied -> active streak=1
    pass 3: trivial/satisfied -> complete streak=2
[improve today, test-strategy shape: non-trivial but exit satisfied on pass 1] gate=2
    pass 1: non-trivial/satisfied +edit -> active streak=0
    pass 2: trivial/satisfied -> active streak=1
    pass 3: trivial/satisfied -> complete streak=2
[gate 1, first pass trivial] gate=1
    pass 1: trivial/satisfied -> complete streak=1
[gate 1, first pass non-trivial changes candidate] gate=1
    pass 1: non-trivial/satisfied +edit -> active streak=0
    pass 2: trivial/satisfied -> complete streak=1
[gate 0, first pass non-trivial changes candidate, exit satisfied] gate=0
    pass 1: non-trivial/satisfied +edit -> complete streak=0
[gate 0, first pass non-trivial, exit unsatisfied (model reads 'two consecutive' text)] gate=0
    pass 1: non-trivial/unsatisfied +edit -> active streak=0
    pass 2: trivial/satisfied -> complete streak=1
[gate 0, first pass unresolved/unsatisfied] gate=0
    pass 1: unresolved/unsatisfied -> active streak=0
    pass 2: trivial/satisfied -> complete streak=1
[gate 0, unresolved + satisfied] gate=0
    pass 1: REFUSED an unresolved report cannot claim a satisfied exit
